event:run.started
data:{"runId":"run_e4a704b9041346cd","conversationId":"conv_r3","at":"2026-09-08T06:52:31.187518Z"}

:ping

:ping

event:tool.selected
data:{"runId":"run_e4a704b9041346cd","toolCallId":"tc_000011","toolId":"refund.eligibility.check","version":"1.2.0","displayName":"检查退款资格"}

event:tool.started
data:{"runId":"run_e4a704b9041346cd","toolCallId":"tc_000011","at":"2026-09-08T06:53:13.271071Z"}

event:tool.completed
data:{"runId":"run_e4a704b9041346cd","toolCallId":"tc_000011","status":"succeeded","durationMs":2,"summary":"订单不满足退款条件"}

event:tool.selected
data:{"runId":"run_e4a704b9041346cd","toolCallId":"tc_000012","toolId":"refund.preview","version":"1.3.0","displayName":"退款试算"}

event:tool.started
data:{"runId":"run_e4a704b9041346cd","toolCallId":"tc_000012","at":"2026-09-08T06:53:13.274191Z"}

event:tool.completed
data:{"runId":"run_e4a704b9041346cd","toolCallId":"tc_000012","status":"succeeded","durationMs":0,"summary":"可退 0.00 元，预计 3 天到账"}

event:ui.replace
data:{"runId":"run_e4a704b9041346cd","ui":{"schemaVersion":"1.0","screenId":"refund-confirmation","title":"确认退款","components":[{"id":"order","type":"OrderCard","props":{"orderId":"10002","productName":"订单 10002","amount":"0.00","currency":"CNY","status":"PAID"}},{"id":"refund-summary","type":"RefundConfirmCard","props":{"orderId":"10002","amount":"0.00","currency":"CNY","eligible":false,"estimatedDays":3}},{"id":"refund-form","type":"Form","props":{"fields":[{"name":"reason","type":"select","label":"退款原因","required":true,"options":[{"label":"商品破损","value":"DAMAGED"},{"label":"未收到货","value":"NOT_RECEIVED"},{"label":"买错了","value":"CHANGED_MIND"}]}]}}],"actions":[{"id":"confirm-refund","type":"submit","label":"确认退款","style":"danger","confirmationToken":"ct_iynXw0DHqRsm_6UzzOKyGufDkKW3xDFc"},{"id":"cancel","type":"cancel","label":"取消","style":"default"}]}}

event:confirmation.required
data:{"runId":"run_e4a704b9041346cd","actionId":"confirm-refund","expiresAt":"2026-09-08T07:03:13.275218Z"}

