event:run.started
data:{"runId":"run_4a9c63ae99534ac2","conversationId":"conv_r3","at":"2026-09-09T03:14:39.110972Z"}

:ping

:ping

:ping

event:tool.selected
data:{"runId":"run_4a9c63ae99534ac2","toolCallId":"tc_000011","toolId":"refund.eligibility.check","version":"1.2.0","displayName":"检查退款资格"}

event:tool.started
data:{"runId":"run_4a9c63ae99534ac2","toolCallId":"tc_000011","at":"2026-09-09T03:15:26.384284Z"}

event:tool.completed
data:{"runId":"run_4a9c63ae99534ac2","toolCallId":"tc_000011","status":"succeeded","durationMs":1,"summary":"订单不满足退款条件"}

event:tool.selected
data:{"runId":"run_4a9c63ae99534ac2","toolCallId":"tc_000012","toolId":"refund.preview","version":"1.3.0","displayName":"退款试算"}

event:tool.started
data:{"runId":"run_4a9c63ae99534ac2","toolCallId":"tc_000012","at":"2026-09-09T03:15:26.387852Z"}

event:tool.completed
data:{"runId":"run_4a9c63ae99534ac2","toolCallId":"tc_000012","status":"succeeded","durationMs":0,"summary":"可退 0.00 元，预计 3 天到账"}

event:ui.replace
data:{"runId":"run_4a9c63ae99534ac2","ui":{"schemaVersion":"1.0","screenId":"refund-confirmation","title":"确认退款","components":[{"id":"order","type":"Card","props":{"title":"订单 10002","items":[{"label":"商品","value":"订单 10002"},{"label":"金额","value":"0.00 CNY"},{"label":"状态","value":"PAID"}]}},{"id":"refund-summary","type":"Card","props":{"title":"退款信息","items":[{"label":"退款金额","value":"0.00"},{"label":"币种","value":"CNY"},{"label":"退款资格","value":"不满足","tone":"danger"},{"label":"预计到账","value":"3 天"}]}},{"id":"refund-form","type":"Form","props":{"fields":[{"name":"reason","type":"select","label":"退款原因","required":true,"options":[{"label":"商品破损","value":"DAMAGED"},{"label":"未收到货","value":"NOT_RECEIVED"},{"label":"买错了","value":"CHANGED_MIND"}]}]}}],"actions":[{"id":"confirm-refund","type":"submit","label":"确认退款","style":"danger","confirmationToken":"ct_Sw1V9AViLJpsLh_AUh2-AbfTHVPDOWIU"},{"id":"cancel","type":"cancel","label":"取消","style":"default"}]}}

event:confirmation.required
data:{"runId":"run_4a9c63ae99534ac2","actionId":"confirm-refund","expiresAt":"2026-09-09T03:25:26.390345Z"}

